{
  "cells": [
    {
      "cell_type": "code",
      "execution_count": 1,
      "metadata": {
        "collapsed": false
      },
      "source": [
        "# Copyright 2014 Google Inc.",
        "#",
        "# Licensed under the Apache License, Version 2.0 (the \"License\");",
        "# you may not use this file except in compliance with the License.",
        "# You may obtain a copy of the License at",
        "#",
        "#      http://www.apache.org/licenses/LICENSE-2.0",
        "#",
        "# Unless required by applicable law or agreed to in writing, software",
        "# distributed under the License is distributed on an \"AS IS\" BASIS,",
        "# WITHOUT WARRANTIES OR CONDITIONS OF ANY KIND, either express or implied.",
        "# See the License for the specific language governing permissions and",
        "# limitations under the License.",
        "\n"
      ]
    }
  ],
  "metadata": {
    "kernelspec": {
      "display_name": "Python 3",
      "language": "python",
      "name": "python3"
    },
    "language_info": {
      "codemirror_mode": {
        "name": "ipython",
        "version": 3
      },
      "file_extension": ".py",
      "mimetype": "text/x-python",
      "name": "python",
      "nbconvert_exporter": "python",
      "pygments_lexer": "ipython3",
      "version": "3.5.1"
    }
  },
  "nbformat": 4,
  "nbformat_minor": 0
}
