{
  "cells": [
    {
      "cell_type": "code",
      "execution_count": 0,
      "metadata": {
        "collapsed": false
      },
      "outputs": [],
      "source": [
        "# Copyright (c) 2014 Acme Inc.\n",
        "#\n",
        "# Permission is hereby granted, free of charge, to any person obtaining a copy of\n",
        "# this software and associated documentation files (the \"Software\"), to deal in\n",
        "# the Software without restriction, including without limitation the rights to\n",
        "# use, copy, modify, merge, publish, distribute, sublicense, and/or sell copies of\n",
        "# the Software, and to permit persons to whom the Software is furnished to do so,\n",
        "# subject to the following conditions:\n",
        "#\n",
        "# The above copyright notice and this permission notice shall be included in all\n",
        "# copies or substantial portions of the Software.\n",
        "#\n",
        "# THE SOFTWARE IS PROVIDED \"AS IS\", WITHOUT WARRANTY OF ANY KIND, EXPRESS OR\n",
        "# IMPLIED, INCLUDING BUT NOT LIMITED TO THE WARRANTIES OF MERCHANTABILITY, FITNESS\n",
        "# FOR A PARTICULAR PURPOSE AND NONINFRINGEMENT. IN NO EVENT SHALL THE AUTHORS OR\n",
        "# COPYRIGHT HOLDERS BE LIABLE FOR ANY CLAIM, DAMAGES OR OTHER LIABILITY, WHETHER\n",
        "# IN AN ACTION OF CONTRACT, TORT OR OTHERWISE, ARISING FROM, OUT OF OR IN\n",
        "# CONNECTION WITH THE SOFTWARE OR THE USE OR OTHER DEALINGS IN THE SOFTWARE.\n"
      ]
    },
    {
      "cell_type": "code",
      "execution_count": 1,
      "metadata": {
        "collapsed": false
      },
      "outputs": [],
      "source": []
    }
  ],
  "metadata": {
    "kernelspec": {
      "display_name": "Python 3",
      "language": "python",
      "name": "python3"
    },
    "language_info": {
      "codemirror_mode": {
        "name": "ipython",
        "version": 3
      },
      "file_extension": ".py",
      "mimetype": "text/x-python",
      "name": "python",
      "nbconvert_exporter": "python",
      "pygments_lexer": "ipython3",
      "version": "3.5.1"
    }
  },
  "nbformat": 4,
  "nbformat_minor": 0
}
